#-----------------------------------------------------------
# Vivado v2019.1 (64-bit)
# SW Build 2552052 on Fri May 24 14:49:42 MDT 2019
# IP Build 2548770 on Fri May 24 18:01:18 MDT 2019
# Start of session at: Tue Oct 18 15:23:23 2022
# Process ID: 4144
# Current directory: C:/Users/Winter/Desktop/vivado/Exercise/seg7_exe1/project_1
# Command line: vivado.exe -gui_launcher_event rodinguilauncherevent2696 C:\Users\Winter\Desktop\vivado\Exercise\seg7_exe1\project_1\project_1.xpr
# Log file: C:/Users/Winter/Desktop/vivado/Exercise/seg7_exe1/project_1/vivado.log
# Journal file: C:/Users/Winter/Desktop/vivado/Exercise/seg7_exe1/project_1\vivado.jou
#-----------------------------------------------------------
start_gui
open_project C:/Users/Winter/Desktop/vivado/Exercise/seg7_exe1/project_1/project_1.xpr
update_compile_order -fileset sources_1
launch_simulation
source seg7_tb.tcl
synth_design -rtl -name rtl_1
close_design
save_wave_config {C:/Users/Winter/Desktop/vivado/Exercise/seg7_exe1/project_1/seg7_tb_behav.wcfg}
add_files -fileset sim_1 -norecurse C:/Users/Winter/Desktop/vivado/Exercise/seg7_exe1/project_1/seg7_tb_behav.wcfg
set_property xsim.view C:/Users/Winter/Desktop/vivado/Exercise/seg7_exe1/project_1/seg7_tb_behav.wcfg [get_filesets sim_1]
close_sim
